{
  "error": { "code": "not-found", "message": "Song not found" }
}