{
  "error": { "code": "internal-error", "message": "Service not ready" }
}